class MicrosoftLiveTestApi extends MicrosoftLiveConnectApi
    implements MicrosoftLiveDefinition {
  MicrosoftLiveTestApi(
    String identifier, {
    String clientId = 'client_id',
    String clientSecret = 'client_secret',
    String redirectUrl = 'redirecturl',
    List<String>? scopes,
    http.Client? client,
    Converter? converter,
    AuthStorage? authStorage,
  }) : super(identifier, clientId, redirectUrl,
            clientSecret: clientSecret,
            scopes: scopes,
            client: client,
            converter: converter,
            authStorage: authStorage) {}
}
