class MyOAuthApiKeyApi extends OAuthApiKeyApi
    implements MyOAuthApiKeyApiDefinition {
  MyOAuthApiKeyApi(
    String identifier, {
    String apiKey = 'apiKey',
    String authKey = 'key',
    AuthLocation authLocation = AuthLocation.header,
    String clientId = 'client_id',
    String clientSecret = 'clientSecret',
    String tokenUrl = 'TokenUrl',
    String authorizationUrl = 'AuthUrl',
    String redirectUrl = 'redirecturl',
    List<String>? scopes,
    http.Client? client,
    Converter? converter,
    AuthStorage? authStorage,
  }) : super(identifier, apiKey, authKey, authLocation, clientId, clientSecret,
            tokenUrl, authorizationUrl, redirectUrl,
            scopes: scopes,
            client: client,
            converter: converter,
            authStorage: authStorage) {}
}
